INFO:     Started server process [20660]
INFO:     Waiting for application startup.
INFO:     Application startup complete.
INFO:     Uvicorn running on http://127.0.0.1:8013 (Press CTRL+C to quit)
interaction_analysis_started analysis_id=a5875d50-18a6-4e01-8019-e2bd09523012 track_id=1
interaction_analysis_finished analysis_id=a5875d50-18a6-4e01-8019-e2bd09523012 track_id=1 processing_time_ms=2
interaction_segment_count analysis_id=a5875d50-18a6-4e01-8019-e2bd09523012 track_id=1 count=8
controlled_movement_segment_statistics segment_id=1 duration_seconds=1.9453924914675766 player_displacement_pixels=30.945894329507155 mean_player_height_pixels=525.4045027348034 normalized_player_displacement=0.05889917990506263 player_path_length_pixels=286.86660235893186 ball_displacement_pixels=81.5125362838069 proximity_frame_ratio=1.0 direction_similarity=0.6245610391843682 confidence=0.6810330867183942
controlled_movement_candidate_rejected segment_id=1 duration_seconds=1.945 normalized_player_displacement=0.059 proximity_frame_ratio=1.000 direction_similarity=0.6245610391843682 evidence_coverage_ratio=1.000 confidence=0.681 rejection_reason=displacement
controlled_movement_segment_statistics segment_id=2 duration_seconds=1.0921501706484642 player_displacement_pixels=56.985743255347145 mean_player_height_pixels=528.234623078377 normalized_player_displacement=0.10787960645830644 player_path_length_pixels=161.892476886053 ball_displacement_pixels=72.55534829304834 proximity_frame_ratio=1.0 direction_similarity=0.605620137251633 confidence=0.6866966031634317
controlled_movement_candidate_rejected segment_id=2 duration_seconds=1.092 normalized_player_displacement=0.108 proximity_frame_ratio=1.000 direction_similarity=0.605620137251633 evidence_coverage_ratio=0.969 confidence=0.687 rejection_reason=displacement
controlled_movement_segment_statistics segment_id=3 duration_seconds=1.0921501706484642 player_displacement_pixels=9.986480974725787 mean_player_height_pixels=525.7393264770508 normalized_player_displacement=0.018995118819900018 player_path_length_pixels=111.75635527745207 ball_displacement_pixels=41.053166761135905 proximity_frame_ratio=1.0 direction_similarity=0.9388648586351883 confidence=0.7024874533921857
controlled_movement_candidate_rejected segment_id=3 duration_seconds=1.092 normalized_player_displacement=0.019 proximity_frame_ratio=1.000 direction_similarity=0.9388648586351883 evidence_coverage_ratio=1.000 confidence=0.702 rejection_reason=displacement
controlled_movement_segment_statistics segment_id=4 duration_seconds=1.5358361774744027 player_displacement_pixels=52.67459369098447 mean_player_height_pixels=519.0336405436198 normalized_player_displacement=0.10148589527995668 player_path_length_pixels=242.96800128791065 ball_displacement_pixels=175.6502577033891 proximity_frame_ratio=1.0 direction_similarity=0.9538575772554432 confidence=0.7246094193692253
controlled_movement_candidate_rejected segment_id=4 duration_seconds=1.536 normalized_player_displacement=0.101 proximity_frame_ratio=1.000 direction_similarity=0.9538575772554432 evidence_coverage_ratio=1.000 confidence=0.725 rejection_reason=displacement
controlled_movement_segment_statistics segment_id=5 duration_seconds=0.44368600682593856 player_displacement_pixels=30.22730333083266 mean_player_height_pixels=486.4462491548978 normalized_player_displacement=0.06213904081560193 player_path_length_pixels=44.928477785374305 ball_displacement_pixels=55.95441998944259 proximity_frame_ratio=1.0 direction_similarity=0.8100307958406764 confidence=0.7003900276116599
controlled_movement_candidate_rejected segment_id=5 duration_seconds=0.444 normalized_player_displacement=0.062 proximity_frame_ratio=1.000 direction_similarity=0.8100307958406764 evidence_coverage_ratio=1.000 confidence=0.700 rejection_reason=displacement
controlled_movement_segment_statistics segment_id=6 duration_seconds=0.44368600682593856 player_displacement_pixels=28.314171323202306 mean_player_height_pixels=485.19537588266223 normalized_player_displacement=0.05835622664724178 player_path_length_pixels=118.57879442040348 ball_displacement_pixels=144.2837322920368 proximity_frame_ratio=1.0 direction_similarity=-0.9581841483855859 confidence=0.5226228296469436
controlled_movement_candidate_rejected segment_id=6 duration_seconds=0.444 normalized_player_displacement=0.058 proximity_frame_ratio=1.000 direction_similarity=-0.9581841483855859 evidence_coverage_ratio=1.000 confidence=0.523 rejection_reason=displacement
controlled_movement_segment_statistics segment_id=7 duration_seconds=0.6484641638225256 player_displacement_pixels=20.097422150870383 mean_player_height_pixels=456.8924962093956 normalized_player_displacement=0.04398720118541771 player_path_length_pixels=168.16022084938888 ball_displacement_pixels=142.97280217809612 proximity_frame_ratio=1.0 direction_similarity=0.7611723507750305 confidence=0.6909662231975493
controlled_movement_candidate_rejected segment_id=7 duration_seconds=0.648 normalized_player_displacement=0.044 proximity_frame_ratio=1.000 direction_similarity=0.7611723507750305 evidence_coverage_ratio=1.000 confidence=0.691 rejection_reason=displacement
controlled_movement_segment_statistics segment_id=8 duration_seconds=0.27303754266211605 player_displacement_pixels=8.367674111081566 mean_player_height_pixels=438.2969207763672 normalized_player_displacement=0.019091336750118343 player_path_length_pixels=11.623016049849323 ball_displacement_pixels=94.41573567358029 proximity_frame_ratio=1.0 direction_similarity=0.13606684407213615 confidence=0.622231706418435
controlled_movement_candidate_rejected segment_id=8 duration_seconds=0.273 normalized_player_displacement=0.019 proximity_frame_ratio=1.000 direction_similarity=0.13606684407213615 evidence_coverage_ratio=1.000 confidence=0.622 rejection_reason=displacement
